line_number: 1526
method: runTest
class: PHPUnit\Framework\TestCase
code_snippet:
    1511: '     * @throws Throwable'
    1512: '     */'
    1513: '    protected function runTest()'
    1514: '    {'
    1515: '        if (trim($this->name) === '''') {'
    1516: '            throw new Exception('
    1517: '                ''PHPUnit\Framework\TestCase::$name must be a non-blank string.'''
    1518: '            );'
    1519: '        }'
    1520: ''
    1521: '        $testArguments = array_merge($this->data, $this->dependencyInput);'
    1522: ''
    1523: '        $this->registerMockObjectsFromTestArguments($testArguments);'
    1524: ''
    1525: '        try {'
    1526: '            $testResult = $this->{$this->name}(...array_values($testArguments));'
    1527: '        } catch (Throwable $exception) {'
    1528: '            if (!$this->checkExceptionExpectations($exception)) {'
    1529: '                throw $exception;'
    1530: '            }'
    1531: ''
    1532: '            if ($this->expectedException !== null) {'
    1533: '                $this->assertThat('
    1534: '                    $exception,'
    1535: '                    new ExceptionConstraint('
    1536: '                        $this->expectedException'
    1537: '                    )'
    1538: '                );'
    1539: '            }'
    1540: ''
    1541: '            if ($this->expectedExceptionMessage !== null) {'
file: /vendor/phpunit/phpunit/src/Framework/TestCase.php
is_application_frame: true
